---
source: tests/acceptance.rs
expression: first
---
--- lock.toml ---
[[skill]]
name = "coordinate"
source_path = "[ROOT]/tests/fixtures/coordinate/SKILL.md"
source_hash = "76151e8a66f5ec811c310494ac14f39a244e8a536ec9bc681e34fd6a34df8438"
emit_hash = "76151e8a66f5ec811c310494ac14f39a244e8a536ec9bc681e34fd6a34df8438"

[[declaration.kind]]
name = "skill"
provider = "claude-code"
governs_root = ".claude/skills"
governs_glob = "*/SKILL.md"
format = "yaml-frontmatter"
unit_shape = "directory"
activation = "description-trigger(description)"

[[declaration.clause]]
kind = "skill"
predicate = "required"
field = "name"
severity = "required"

[[declaration.clause]]
kind = "skill"
predicate = "min_len"
field = "name"
severity = "required"

[[declaration.clause]]
kind = "skill"
predicate = "allowed_chars"
field = "name"
severity = "required"

[[declaration.clause]]
kind = "skill"
predicate = "max_len"
field = "name"
severity = "required"

[[declaration.clause]]
kind = "skill"
predicate = "deny"
field = "name"
severity = "required"

[[declaration.clause]]
kind = "skill"
predicate = "name-matches-dir"
severity = "required"

[[declaration.clause]]
kind = "skill"
predicate = "required"
field = "description"
severity = "required"

[[declaration.clause]]
kind = "skill"
predicate = "min_len"
field = "description"
severity = "required"

[[declaration.clause]]
kind = "skill"
predicate = "max_len"
field = "description"
severity = "required"

[[declaration.clause]]
kind = "skill"
predicate = "max_len"
field = "compatibility"
severity = "required"

[[declaration.clause]]
kind = "skill"
predicate = "max_lines"
severity = "advisory"

[[declaration.clause]]
kind = "skill"
predicate = "forbidden_keys"
severity = "required"

[[declaration.assembly]]
fact = "authority"
value = "shared"
--- skills/coordinate/PLAYBOOK.md ---
# Coordinate — playbook

The long-form reference for the coordinate skill, kept out of `SKILL.md` so the
trigger surface stays small (progressive disclosure).

## Phases

1. **Fan out.** Spawn one explorer per independent axis.
2. **Converge.** Fold every finding into the shared artifact.
3. **Gate.** Run an adversarial reviewer before shipping.
--- skills/coordinate/SKILL.md ---
+++
[clause.name]
value = "coordinate"

[clause.description]
value = "Use when driving a complex task through an agent team — parallel exploration across independent axes converging on a shared artifact, with an adversarial reviewer gate. NOT for single-axis or research-only work."

[clause.license]
value = "MIT"

[clause.allowed-tools]
value = ["Task", "Read", "Edit"]

[provenance]
source_path = "[ROOT]/tests/fixtures/coordinate/SKILL.md"
source_hash = "76151e8a66f5ec811c310494ac14f39a244e8a536ec9bc681e34fd6a34df8438"
+++
# Coordinate

Drive a complex task through a team of agents. See [the playbook](PLAYBOOK.md)
for the full reference on phases, fan-out, and the reviewer gate.

## When to use

Parallel exploration across three or more independent axes, converging on a
shared artifact, with an adversarial reviewer gate before shipping.
