---
source: tests/acceptance.rs
expression: report
---
## Name-Format
error skill.allowed_chars.name: field `name` has characters outside the allowed set: FN

## body-length
warn skill.extent: rendered extent is 505 lines (max 500)

## clean
(no diagnostics)

## description-length
error skill.max_len.description: field `description` is 1199 characters (max 1024)

## frontmatter-valid
error skill.min_len.description: field `description` is 0 characters (min 1)

## name-matches-dir
error skill.name-matches-dir: name `mismatched` does not match its directory `name-matches-dir`
