---
source: tests/install.rs
expression: settings
---
{
  "hooks": {
    "PreToolUse": [
      {
        "hooks": [
          {
            "command": "command -v temper >/dev/null 2>&1 || { echo \"temper: command not found\" >&2; exit 127; } && temper guard .",
            "type": "command"
          }
        ],
        "matcher": "Write|Edit|MultiEdit"
      }
    ],
    "SessionStart": [
      {
        "hooks": [
          {
            "command": "command -v temper >/dev/null 2>&1 || { echo \"temper: command not found\" >&2; exit 127; } && temper check . --reporter session-start",
            "type": "command"
          }
        ]
      }
    ]
  }
}
