---
source: tests/read_verbs.rs
expression: run.stdout
---
Member `lint-runner` (skill) — everything that holds it in place:

It fills no requirements — it opts into no `satisfies` link, so it is governed by its kind's floor alone.

Governing floor: its `skill` kind binds the `skill` floor, whose clauses check it.

Edges out: it points at no member (it declares no resolved reference).
Edges in: no member points at it.
