---
source: tests/read_verbs.rs
expression: run.stdout
---
Member `lint-runner` (skill) — everything that holds it in place:

It fills no requirements — it opts into no `satisfies` link, so it is governed by its kind's floor alone.

Governing package: its `skill` kind binds the `skill.anthropic` package, whose clauses check it.

Edges out: it declares no references.
Edges in (references that point at it):
  • `dev-standards` (skill) depends-on it
